' функция выдает номинальные параметры ПЭД
Public Function ESP_motor_nameplate( _
                               Optional ByVal Unom_V As Double = 500, _
                               Optional ByVal Pnom_kW As Double = 10, _
                               Optional ByVal Fnom_Hz As Double = 50, _
                               Optional ByVal motorID As Integer = 0, _
                               Optional ByVal eff_fr As Double = 0.85, _
                               Optional ByVal cosphi_fr As Double = 0.8, _
                               Optional ByVal slip_fr As Double = 0.05, _
                               Optional ByVal d_od_mm As Double = 117, _
                               Optional num As Integer = 1)
' опциональные параметры
' Unom_V      - номинальное напряжение питания двигателя, линейное, В
' Pnom_kW     - номинальная мощность двигателя кВт
' fnom_Hz     - номинальная частота вращения поля, Гц
' motorID     - тип 0 - постоянные значения,
'                   1 - задается по каталожным кривым, ассинхронный
'                   2 - задается по схеме замещения, ассинхронный
' eff_fr      - КПД для типа 0
' cosphi_fr   - коэффициент мощности для типа 0
' slip_fr     - проскальзывание для типа 0
' d_od_mm     - внешний диаметр ПЭД
' num   - номер который выводится первым
'   результат   - формальное название ПЭД
