' расчет давления в штуцере (дросселе)
Public Function MF_choke_p_atma( _
                     ByVal d_choke_mm As Double, _
                     ByVal feed As String, _
                     ByVal p_calc_from_atma As Double, _
            Optional ByVal t_choke_C As Double = 20, _
            Optional ByVal d_pipe_mm As Double = 70, _
            Optional ByVal calc_along_flow As Boolean = True, _
            Optional ByVal param As String = "")
' d_choke_mm      - диаметр штуцера (эффективный)
' feed            - закодированная строка с параметрами потока.
' p_calc_from_atma - давление с которого начинается расчет, атм
'                  граничное значение для проведения расчета
'                  либо давление на входе, либо на выходе
' t_choke_C       - температура потока, С.
' d_pipe_mm       - диаметр трубы до и после штуцера
' calc_along_flow - флаг направления расчета относительно потока
' param           - параметры расчета json строка
' результат       - число - массив значений с параметрами штуцера
'                   и давление на штуцере на расчетной стороне.
