'расчет градиента давления
'с использованием многофазных корреляций
Public Function MF_dpdl_atmm(ByVal d_m As Double, _
             ByVal p_atma As Double, _
             ByVal Ql_rc_m3day As Double, _
             ByVal Qg_rc_m3day As Double, _
    Optional ByVal mu_oil_cP As Double = const_mu_o, _
    Optional ByVal mu_gas_cP As Double = const_mu_g, _
    Optional ByVal sigma_oil_gas_Nm As Double = const_sigma_oil_Nm, _
    Optional ByVal rho_lrc_kgm3 As Double = const_go_ * 1000, _
    Optional ByVal rho_grc_kgm3 As Double = const_gg_ * const_rho_air, _
    Optional ByVal eps_m As Double = 0.0001, _
    Optional ByVal theta_deg As Double = 90, _
    Optional ByVal hcorr As Integer = 1, _
    Optional ByVal param_out As Integer = 0, _
    Optional ByVal calibr_grav As Double = 1, _
    Optional ByVal calibr_fric As Double = 1)
' расчет градиента давления по одной из корреляций
' d_m - диаметр трубы в которой идет поток
' p_atma - давление в точке расчета
' Ql_rc_m3day - дебит жидкости в рабочих условиях
' Qg_rc_m3day - дебит газа в рабочих условиях
' mu_oil_cP - вязкость нефти в рабочих условиях
' mu_gas_cP - вязкость газа в рабочих условиях
' sigma_oil_gas_Nm - поверхностное натяжение
'              жидкость газ
' rho_lrc_kgm3 - плотность нефти
' rho_grc_kgm3 - плотность газа
' eps_m     - шероховатость
' theta_deg - угол от горизонтали
' hcorr  - тип корреляции
' param_out - параметр для вывода
' calibr_grav - калибровка гравитации
' calibr_fric - калибровка трения
